#-----------------------------------------------------------
# Vivado v2023.1 (64-bit)
# SW Build 3865809 on Sun May  7 15:05:29 MDT 2023
# IP Build 3864474 on Sun May  7 20:36:21 MDT 2023
# SharedData Build 3865790 on Sun May 07 13:33:03 MDT 2023
# Start of session at: Sun Dec  3 11:17:10 2023
# Process ID: 6528
# Current directory: C:/Users/Mario/Desktop/CLAVE SECRETA VHDL/CLAVE-SECRETA-VHDL
# Command line: vivado.exe -gui_launcher_event rodinguilauncherevent7636 C:\Users\Mario\Desktop\CLAVE SECRETA VHDL\CLAVE-SECRETA-VHDL\SED.xpr
# Log file: C:/Users/Mario/Desktop/CLAVE SECRETA VHDL/CLAVE-SECRETA-VHDL/vivado.log
# Journal file: C:/Users/Mario/Desktop/CLAVE SECRETA VHDL/CLAVE-SECRETA-VHDL\vivado.jou
# Running On: DESKTOP-63IA0AK, OS: Windows, CPU Frequency: 1397 MHz, CPU Physical cores: 2, Host memory: 8466 MB
#-----------------------------------------------------------
start_gui
oopen_project {C:/Users/Mario/Desktop/CLAVE SECRETA VHDL/CLAVE-SECRETA-VHDL/SED.xpr}
update_compile_order -fileset sources_1
update_compile_order -fileset sources_1
update_compile_order -fileset sources_1
update_compile_order -fileset sources_1
