#-----------------------------------------------------------
# Vivado v2023.1 (64-bit)
# SW Build 3865809 on Sun May  7 15:05:29 MDT 2023
# IP Build 3864474 on Sun May  7 20:36:21 MDT 2023
# SharedData Build 3865790 on Sun May 07 13:33:03 MDT 2023
# Start of session at: Fri Dec 15 12:02:18 2023
# Process ID: 13532
# Current directory: C:/Users/Mario/Desktop/CLAVE SECRETA VHDL/CLAVE-SECRETA-VHDL
# Command line: vivado.exe -gui_launcher_event rodinguilauncherevent1200 C:\Users\Mario\Desktop\CLAVE SECRETA VHDL\CLAVE-SECRETA-VHDL\SED.xpr
# Log file: C:/Users/Mario/Desktop/CLAVE SECRETA VHDL/CLAVE-SECRETA-VHDL/vivado.log
# Journal file: C:/Users/Mario/Desktop/CLAVE SECRETA VHDL/CLAVE-SECRETA-VHDL\vivado.jou
# Running On: DESKTOP-63IA0AK, OS: Windows, CPU Frequency: 1397 MHz, CPU Physical cores: 2, Host memory: 8466 MB
#-----------------------------------------------------------
start_gui
open_project {C:/Users/Mario/Desktop/CLAVE SECRETA VHDL/CLAVE-SECRETA-VHDL/SED.xpr}
update_compile_order -fileset sources_1
create_fileset -simset decoder_tb
file mkdir C:/Users/Mario/Desktop/CLAVE SECRETA VHDL/CLAVE-SECRETA-VHDL/SED.srcs/decoder_tb/new
file mkdir C:/Users/Mario/Desktop/CLAVE SECRETA VHDL/CLAVE-SECRETA-VHDL/SED.srcs/decoder_tb/new
file mkdir C:/Users/Mario/Desktop/CLAVE SECRETA VHDL/CLAVE-SECRETA-VHDL/SED.srcs/decoder_tb/new
file mkdir C:/Users/Mario/Desktop/CLAVE SECRETA VHDL/CLAVE-SECRETA-VHDL/SED.srcs/decoder_tb/new
file mkdir C:/Users/Mario/Desktop/CLAVE SECRETA VHDL/CLAVE-SECRETA-VHDL/SED.srcs/decoder_tb/new
set_property SOURCE_SET sources_1 [get_filesets decoder_tb]
file mkdir C:/Users/Mario/Desktop/CLAVE SECRETA VHDL/CLAVE-SECRETA-VHDL/SED.srcs/decoder_tb/new
file mkdir {C:/Users/Mario/Desktop/CLAVE SECRETA VHDL/CLAVE-SECRETA-VHDL/SED.srcs/decoder_tb/new}
close [ open {C:/Users/Mario/Desktop/CLAVE SECRETA VHDL/CLAVE-SECRETA-VHDL/SED.srcs/decoder_tb/new/decoder_tb.vhd} w ]
add_files -fileset decoder_tb {{C:/Users/Mario/Desktop/CLAVE SECRETA VHDL/CLAVE-SECRETA-VHDL/SED.srcs/decoder_tb/new/decoder_tb.vhd}}
update_compile_order -fileset decoder_tb
update_compile_order -fileset decoder_tb
update_compile_order -fileset decoder_tb
launch_simulation
current_fileset -simset [ get_filesets decoder_tb ]
launch_simulation -simset [get_filesets decoder_tb ]
source top.tcl
close_sim
launch_simulation -simset [get_filesets decoder_tb ]
source top.tcl
close_sim
